// Jest Snapshot v1, https://goo.gl/fbAQLP

exports[`Header component renders Header 1`] = `
<DocumentFragment>
  <header
    class="Header"
  >
    <p>
      Living Museum of Are.na Channels
    </p>
    
    <button></button>
    
  </header>
</DocumentFragment>
`;